// Jest Snapshot v1, https://goo.gl/fbAQLP

exports[`renders correctly 1`] = `
<RCTSafeAreaView
  emulateUnlessSupported={true}
  style={
    Object {
      "backgroundColor": "#FFF",
      "color": "#000",
      "flex": 1,
      "flexDirection": "column",
    }
  }
>
  <View>
    <View
      accessible={true}
      focusable={true}
      isTVSelectable={true}
      onClick={[Function]}
      onResponderGrant={[Function]}
      onResponderMove={[Function]}
      onResponderRelease={[Function]}
      onResponderTerminate={[Function]}
      onResponderTerminationRequest={[Function]}
      onStartShouldSetResponder={[Function]}
      style={
        Object {
          "height": 60,
          "opacity": 1,
          "paddingLeft": 20,
          "paddingTop": 21,
          "width": 60,
        }
      }
    >
      <Image
        source={
          Object {
            "testUri": "../../../app/assets/images/backArrow.png",
          }
        }
        style={
          Object {
            "height": 18,
            "width": 18.48,
          }
        }
      />
    </View>
    <Text
      style={
        Object {
          "fontFamily": "IBMPlexSans",
          "fontSize": 24,
        }
      }
    >
      Check Overlap
    </Text>
  </View>
  <MapView
    customMapStyle={
      Array [
        Object {
          "elementType": "all",
          "featureType": "all",
          "stylers": Array [
            Object {
              "saturation": "32",
            },
            Object {
              "lightness": "-3",
            },
            Object {
              "visibility": "on",
            },
            Object {
              "weight": "1.18",
            },
          ],
        },
        Object {
          "elementType": "labels",
          "featureType": "administrative",
          "stylers": Array [
            Object {
              "visibility": "off",
            },
          ],
        },
        Object {
          "elementType": "labels",
          "featureType": "landscape",
          "stylers": Array [
            Object {
              "visibility": "off",
            },
          ],
        },
        Object {
          "elementType": "all",
          "featureType": "landscape.man_made",
          "stylers": Array [
            Object {
              "saturation": "-70",
            },
            Object {
              "lightness": "14",
            },
          ],
        },
        Object {
          "elementType": "labels",
          "featureType": "poi",
          "stylers": Array [
            Object {
              "visibility": "off",
            },
          ],
        },
        Object {
          "elementType": "labels",
          "featureType": "road",
          "stylers": Array [
            Object {
              "visibility": "off",
            },
          ],
        },
        Object {
          "elementType": "labels",
          "featureType": "transit",
          "stylers": Array [
            Object {
              "visibility": "off",
            },
          ],
        },
        Object {
          "elementType": "all",
          "featureType": "water",
          "stylers": Array [
            Object {
              "saturation": "100",
            },
            Object {
              "lightness": "-14",
            },
          ],
        },
        Object {
          "elementType": "labels",
          "featureType": "water",
          "stylers": Array [
            Object {
              "visibility": "off",
            },
            Object {
              "lightness": "12",
            },
          ],
        },
      ]
    }
    initialRegion={
      Object {
        "latitude": 36.56,
        "latitudeDelta": 50,
        "longitude": 20.39,
        "longitudeDelta": 50,
      }
    }
    style={
      Object {
        "alignSelf": "center",
        "flex": 1,
        "flexDirection": "column",
        "padding": 15,
        "width": "96%",
      }
    }
  />
  <View
    style={
      Object {
        "alignSelf": "center",
        "flex": 1,
        "flexDirection": "column",
        "padding": 15,
        "textAlignVertical": "top",
        "width": "96%",
      }
    }
  >
    <View
      accessible={true}
      focusable={true}
      isTVSelectable={true}
      onClick={[Function]}
      onResponderGrant={[Function]}
      onResponderMove={[Function]}
      onResponderRelease={[Function]}
      onResponderTerminate={[Function]}
      onResponderTerminationRequest={[Function]}
      onStartShouldSetResponder={[Function]}
      style={
        Object {
          "opacity": 1,
        }
      }
    >
      <Text>
        Click to view the public dataset
      </Text>
    </View>
    <Text
      style={
        Object {
          "fontFamily": "IBMPlexSans",
          "fontSize": 16,
          "lineHeight": 24,
          "marginTop": 12,
        }
      }
    >
      The green trail represents your location history

The light purple circles represent the public dataset
    </Text>
  </View>
  <View
    style={
      Object {
        "fontSize": 12,
        "fontWeight": "600",
        "padding": 4,
        "paddingBottom": 10,
        "textAlign": "center",
      }
    }
  >
    <Text
      onPress={[Function]}
      style={
        Array [
          Object {
            "fontFamily": "IBMPlexSans",
            "fontSize": 12,
            "lineHeight": 24,
            "marginTop": 12,
          },
          Object {
            "color": "#007AFF",
            "paddingTop": 15,
            "textAlign": "center",
          },
        ]
      }
    >
      For more information on the dataset for this map
       
    </Text>
  </View>
</RCTSafeAreaView>
`;
